// Jest Snapshot v1, https://goo.gl/fbAQLP

exports[`Checkbox should not have checked=true when unchecked 1`] = `
<input
  checked={false}
  name="checkbox"
  onClick={[Function]}
  type="checkbox"
  value="checkbox"
/>
`;

exports[`Checkbox should shallow render 1`] = `
<input
  checked={false}
  name="checkbox"
  onClick={[Function]}
  type="checkbox"
  value="checkbox"
/>
`;
